// Jest Snapshot v1, https://goo.gl/fbAQLP

exports[`Projects component should render as expected 1`] = `
<section
  className="projects__container"
  id="projects"
>
  <h2
    className="sectionHeading projects__heading"
  >
    Projects
  </h2>
  <div
    className="projects__tiles"
  >
    <div
      className="projectTile__container"
    >
      <h3
        className="projectTile__heading"
      >
        <a
          href={undefined}
        >
          polymorphia
        </a>
        <img
          className="projectTile__logo"
          src=""
        />
      </h3>
      <p
        className="projectTile__description"
      >
        A very fast POJO codec for MongoDB (used in conjunction with the Mongo Java Driver) that handles generic types as well as polymorphic class hierarchies
      </p>
      <button
        className="projectTile__videoButton"
        onClick={[Function]}
      >
        <span
          aria-hidden={true}
          className="fa fa-play-circle"
          style={
            Object {
              "fontSize": "20px",
            }
          }
        />
         Erkl채rvideo
      </button>
      <div
        className="gitHubStats__container"
        onClick={[Function]}
      >
        <div
          className="gitHubStats__stat"
        >
          <p
            className="gitHubStats__icon"
          >
            <span
              aria-hidden={true}
              className="fa fa-code"
            />
          </p>
          <p
            className="gitHubStats__description"
          />
        </div>
        <div
          className="gitHubStats__stat"
        >
          <p
            className="gitHubStats__icon"
          >
            <span
              aria-hidden={true}
              className="fa fa-code-fork"
            />
          </p>
          <p
            className="gitHubStats__description"
          />
        </div>
        <div
          className="gitHubStats__stat"
        >
          <p
            className="gitHubStats__icon"
          >
            <span
              aria-hidden={true}
              className="fa fa-star"
            />
          </p>
          <p
            className="gitHubStats__description"
          />
        </div>
        <div
          className="gitHubStats__stat"
        >
          <p
            className="gitHubStats__icon"
          >
            <span
              aria-hidden={true}
              className="fa fa-users"
            />
          </p>
          <p
            className="gitHubStats__description"
          />
        </div>
      </div>
    </div>
    <div
      className="projectTile__container"
    >
      <h3
        className="projectTile__heading"
      >
        <a
          href={undefined}
        >
          crowdsource
        </a>
        <img
          className="projectTile__logo"
          src=""
        />
      </h3>
      <p
        className="projectTile__description"
      >
        a collaborative crowd sourcing and funding tool using virtual currency
      </p>
      <button
        className="projectTile__videoButton"
        onClick={[Function]}
      >
        <span
          aria-hidden={true}
          className="fa fa-play-circle"
          style={
            Object {
              "fontSize": "20px",
            }
          }
        />
         Erkl채rvideo
      </button>
      <div
        className="gitHubStats__container"
        onClick={[Function]}
      >
        <div
          className="gitHubStats__stat"
        >
          <p
            className="gitHubStats__icon"
          >
            <span
              aria-hidden={true}
              className="fa fa-code"
            />
          </p>
          <p
            className="gitHubStats__description"
          />
        </div>
        <div
          className="gitHubStats__stat"
        >
          <p
            className="gitHubStats__icon"
          >
            <span
              aria-hidden={true}
              className="fa fa-code-fork"
            />
          </p>
          <p
            className="gitHubStats__description"
          />
        </div>
        <div
          className="gitHubStats__stat"
        >
          <p
            className="gitHubStats__icon"
          >
            <span
              aria-hidden={true}
              className="fa fa-star"
            />
          </p>
          <p
            className="gitHubStats__description"
          />
        </div>
        <div
          className="gitHubStats__stat"
        >
          <p
            className="gitHubStats__icon"
          >
            <span
              aria-hidden={true}
              className="fa fa-users"
            />
          </p>
          <p
            className="gitHubStats__description"
          />
        </div>
      </div>
    </div>
    <div
      className="projectTile__container"
    >
      <h3
        className="projectTile__heading"
      >
        <a
          href={undefined}
        >
          ideas-dash
        </a>
        <img
          className="projectTile__logo"
          src=""
        />
      </h3>
      <p
        className="projectTile__description"
      >
        dashboard / team monitor for software development teams
      </p>
      <button
        className="projectTile__videoButton"
        onClick={[Function]}
      >
        <span
          aria-hidden={true}
          className="fa fa-play-circle"
          style={
            Object {
              "fontSize": "20px",
            }
          }
        />
         Erkl채rvideo
      </button>
      <div
        className="gitHubStats__container"
        onClick={[Function]}
      >
        <div
          className="gitHubStats__stat"
        >
          <p
            className="gitHubStats__icon"
          >
            <span
              aria-hidden={true}
              className="fa fa-code"
            />
          </p>
          <p
            className="gitHubStats__description"
          />
        </div>
        <div
          className="gitHubStats__stat"
        >
          <p
            className="gitHubStats__icon"
          >
            <span
              aria-hidden={true}
              className="fa fa-code-fork"
            />
          </p>
          <p
            className="gitHubStats__description"
          />
        </div>
        <div
          className="gitHubStats__stat"
        >
          <p
            className="gitHubStats__icon"
          >
            <span
              aria-hidden={true}
              className="fa fa-star"
            />
          </p>
          <p
            className="gitHubStats__description"
          />
        </div>
        <div
          className="gitHubStats__stat"
        >
          <p
            className="gitHubStats__icon"
          >
            <span
              aria-hidden={true}
              className="fa fa-users"
            />
          </p>
          <p
            className="gitHubStats__description"
          />
        </div>
      </div>
    </div>
    <div
      className="projectTile__container"
    >
      <h3
        className="projectTile__heading"
      >
        <a
          href={undefined}
        >
          semaeval
        </a>
        <img
          className="projectTile__logo"
          src=""
        />
      </h3>
      <p
        className="projectTile__description"
      >
        Python package to evaluate the quality of semantic engines
      </p>
      <button
        className="projectTile__videoButton"
        onClick={[Function]}
      >
        <span
          aria-hidden={true}
          className="fa fa-play-circle"
          style={
            Object {
              "fontSize": "20px",
            }
          }
        />
         Erkl채rvideo
      </button>
      <div
        className="gitHubStats__container"
        onClick={[Function]}
      >
        <div
          className="gitHubStats__stat"
        >
          <p
            className="gitHubStats__icon"
          >
            <span
              aria-hidden={true}
              className="fa fa-code"
            />
          </p>
          <p
            className="gitHubStats__description"
          />
        </div>
        <div
          className="gitHubStats__stat"
        >
          <p
            className="gitHubStats__icon"
          >
            <span
              aria-hidden={true}
              className="fa fa-code-fork"
            />
          </p>
          <p
            className="gitHubStats__description"
          />
        </div>
        <div
          className="gitHubStats__stat"
        >
          <p
            className="gitHubStats__icon"
          >
            <span
              aria-hidden={true}
              className="fa fa-star"
            />
          </p>
          <p
            className="gitHubStats__description"
          />
        </div>
        <div
          className="gitHubStats__stat"
        >
          <p
            className="gitHubStats__icon"
          >
            <span
              aria-hidden={true}
              className="fa fa-users"
            />
          </p>
          <p
            className="gitHubStats__description"
          />
        </div>
      </div>
    </div>
    <div
      className="projectTile__container"
    >
      <h3
        className="projectTile__heading"
      >
        <a
          href={undefined}
        >
          tech-radar
        </a>
        <img
          className="projectTile__logo"
          src=""
        />
      </h3>
      <p
        className="projectTile__description"
      >
        The Tech Radar is a tool to inspire and support teams to pick the best technologies for new projects
      </p>
      <button
        className="projectTile__videoButton"
        onClick={[Function]}
      >
        <span
          aria-hidden={true}
          className="fa fa-play-circle"
          style={
            Object {
              "fontSize": "20px",
            }
          }
        />
         Erkl채rvideo
      </button>
      <div
        className="gitHubStats__container"
        onClick={[Function]}
      >
        <div
          className="gitHubStats__stat"
        >
          <p
            className="gitHubStats__icon"
          >
            <span
              aria-hidden={true}
              className="fa fa-code"
            />
          </p>
          <p
            className="gitHubStats__description"
          />
        </div>
        <div
          className="gitHubStats__stat"
        >
          <p
            className="gitHubStats__icon"
          >
            <span
              aria-hidden={true}
              className="fa fa-code-fork"
            />
          </p>
          <p
            className="gitHubStats__description"
          />
        </div>
        <div
          className="gitHubStats__stat"
        >
          <p
            className="gitHubStats__icon"
          >
            <span
              aria-hidden={true}
              className="fa fa-star"
            />
          </p>
          <p
            className="gitHubStats__description"
          />
        </div>
        <div
          className="gitHubStats__stat"
        >
          <p
            className="gitHubStats__icon"
          >
            <span
              aria-hidden={true}
              className="fa fa-users"
            />
          </p>
          <p
            className="gitHubStats__description"
          />
        </div>
      </div>
    </div>
  </div>
</section>
`;
